61
0 washby 1931468414
1 sergeant 1526813296
2 bowen 1880622708
3 Steak 402727536
4 DuckRice 592
5 AlexaThisIsSoSad -155993250
6 BoyoteBeeterson -744547750
7 mlowrey -1059058620


------------------------------------------
Achievements Everyone Has ...
------------------------------------------
6 NANO/VI | Use NANO or VI as your primary way to edit files.


------------------------------------------
Achievements Nobody Has ...
------------------------------------------
0 Starting Counting at Zero | Start every list with zero ... especially in assembly language programming assignments.
7 Read Comics | Read comics on a regular basis.
36 Star Trek Marathon | Watch atleast 5 Star Trek movies in the course of a weekend.
38 Nerdcard Creator | Create this website.
45 Comic Knowledge | Know not only the comic, but the creators of the issue/run; the writers, artists, etc.
53 Sounds for the deaf | If you don't know...
55 Devops | Go to devops reactions on tumbler and enjoy
