61
0 bowen 1880622710
1 Steak 402727542
2 DuckRice 598
3 BoyoteBeeterson -744547746
4 This is super crazy! 6


------------------------------------------
Achievements Everyone Has ...
------------------------------------------
1 Build your own PC | Physically build your own computer from parts. Makes sure it boots and runs successfully!
2 B rated movies | Watch and enjoy B rated movies.


------------------------------------------
Achievements Nobody Has ...
------------------------------------------
0 Starting Counting at Zero | Start every list with zero ... especially in assembly language programming assignments.
7 Read Comics | Read comics on a regular basis.
8 Anime/Manga | Either watch Anime or read Manga on a regular basis.
14 ASCII Art | Create art consisting only of ascii characters.
15 Uses Reddit | Visit Reddit on a regular basis. Spend a somewhat concerning amount of time on the site.
21 Conventions! | Attend a gaming or anime convention.
22 Cosplay | Dress up as a character for a convention, could be from movies, games, anime, etc.
26 MLG Fan | Watch/Follow a Major League Gaming team.
36 Star Trek Marathon | Watch atleast 5 Star Trek movies in the course of a weekend.
37 Watch X-files | Watch the X-files television show.
38 Nerdcard Creator | Create this website.
39 Midnight Release | Stand in line for a game/movie being released at midnight.
41 VSchart Amusement | -Go to vschart.com, Scroll to the bottom of a serious comparison, Enjoy
42 Survived Assembly | You survived, somehow making it where others have failed.
45 Comic Knowledge | Know not only the comic, but the creators of the issue/run; the writers, artists, etc.
48 Ostrich Algorithm | You fully support everything the algorithm stands for!
51 Terminal from phone | Use a terminal from your phone.
53 Sounds for the deaf | If you don't know...
54 Raspberry Pi | Use a Raspberry Pi
55 Devops | Go to devops reactions on tumbler and enjoy
56 Take AI | Take the AI class
59 Sunbros | Be a sunbro
